From hub:gameover 
A :
B :
C :
You are holding:--
Bad message from hub
