From hub:newround x
A :
B :
C :
D :
You are holding:--
Bad message from hub
